Archive member included to satisfy reference by file (symbol)

/Applications/microchip/xc8/v2.46/avr/bin/../lib/gcc/avr/5.4.0/avr5/memx-const/libgcc.a(_copy_data.o)
                              build/default/debug/mainV4.o (__do_copy_data)
/Applications/microchip/xc8/v2.46/avr/bin/../lib/gcc/avr/5.4.0/avr5/memx-const/libgcc.a(_xload_2.o)
                              build/default/debug/mainV4.o (__xload_2)
/Applications/microchip/xc8/v2.46/avr/bin/../lib/gcc/avr/5.4.0/../../../../avr/lib/avr5/memx-const/libc.a(exit.o)
                              /Applications/microchip/mplabx/v6.15/packs/Microchip/ATmega_DFP/3.0.158/xc8/avr/lib/avr5/memx-const/crtatmega328p.o (exit)
/Applications/microchip/xc8/v2.46/avr/bin/../lib/gcc/avr/5.4.0/../../../../avr/lib/avr5/memx-const/libc.a(_Exit.o)
                              /Applications/microchip/xc8/v2.46/avr/bin/../lib/gcc/avr/5.4.0/../../../../avr/lib/avr5/memx-const/libc.a(exit.o) (_Exit)
/Applications/microchip/xc8/v2.46/avr/bin/../lib/gcc/avr/5.4.0/avr5/memx-const/libgcc.a(_exit.o)
                              /Applications/microchip/xc8/v2.46/avr/bin/../lib/gcc/avr/5.4.0/../../../../avr/lib/avr5/memx-const/libc.a(_Exit.o) (_exit)

Discarded input sections

 .data          0x0000000000000000        0x0 /Applications/microchip/mplabx/v6.15/packs/Microchip/ATmega_DFP/3.0.158/xc8/avr/lib/avr5/memx-const/crtatmega328p.o
 .bss           0x0000000000000000        0x0 /Applications/microchip/mplabx/v6.15/packs/Microchip/ATmega_DFP/3.0.158/xc8/avr/lib/avr5/memx-const/crtatmega328p.o
 .text          0x0000000000000000        0x0 build/default/debug/picture.o
 .data          0x0000000000000000        0x0 build/default/debug/picture.o
 .bss           0x0000000000000000        0x0 build/default/debug/picture.o
 .text          0x0000000000000000        0x0 build/default/debug/mainV4.o
 .data          0x0000000000000000        0x0 build/default/debug/mainV4.o
 .bss           0x0000000000000000        0x0 build/default/debug/mainV4.o
 .text          0x0000000000000000        0x0 /Applications/microchip/xc8/v2.46/avr/bin/../lib/gcc/avr/5.4.0/avr5/memx-const/libgcc.a(_copy_data.o)
 .data          0x0000000000000000        0x0 /Applications/microchip/xc8/v2.46/avr/bin/../lib/gcc/avr/5.4.0/avr5/memx-const/libgcc.a(_copy_data.o)
 .bss           0x0000000000000000        0x0 /Applications/microchip/xc8/v2.46/avr/bin/../lib/gcc/avr/5.4.0/avr5/memx-const/libgcc.a(_copy_data.o)
 .text.libgcc.mul
                0x0000000000000000        0x0 /Applications/microchip/xc8/v2.46/avr/bin/../lib/gcc/avr/5.4.0/avr5/memx-const/libgcc.a(_copy_data.o)
 .text.libgcc.div
                0x0000000000000000        0x0 /Applications/microchip/xc8/v2.46/avr/bin/../lib/gcc/avr/5.4.0/avr5/memx-const/libgcc.a(_copy_data.o)
 .text.libgcc   0x0000000000000000        0x0 /Applications/microchip/xc8/v2.46/avr/bin/../lib/gcc/avr/5.4.0/avr5/memx-const/libgcc.a(_copy_data.o)
 .text.libgcc.prologue
                0x0000000000000000        0x0 /Applications/microchip/xc8/v2.46/avr/bin/../lib/gcc/avr/5.4.0/avr5/memx-const/libgcc.a(_copy_data.o)
 .text.libgcc.builtins
                0x0000000000000000        0x0 /Applications/microchip/xc8/v2.46/avr/bin/../lib/gcc/avr/5.4.0/avr5/memx-const/libgcc.a(_copy_data.o)
 .text.libgcc.fmul
                0x0000000000000000        0x0 /Applications/microchip/xc8/v2.46/avr/bin/../lib/gcc/avr/5.4.0/avr5/memx-const/libgcc.a(_copy_data.o)
 .text.libgcc.fixed
                0x0000000000000000        0x0 /Applications/microchip/xc8/v2.46/avr/bin/../lib/gcc/avr/5.4.0/avr5/memx-const/libgcc.a(_copy_data.o)
 .text          0x0000000000000000        0x0 /Applications/microchip/xc8/v2.46/avr/bin/../lib/gcc/avr/5.4.0/avr5/memx-const/libgcc.a(_xload_2.o)
 .data          0x0000000000000000        0x0 /Applications/microchip/xc8/v2.46/avr/bin/../lib/gcc/avr/5.4.0/avr5/memx-const/libgcc.a(_xload_2.o)
 .bss           0x0000000000000000        0x0 /Applications/microchip/xc8/v2.46/avr/bin/../lib/gcc/avr/5.4.0/avr5/memx-const/libgcc.a(_xload_2.o)
 .text.libgcc.mul
                0x0000000000000000        0x0 /Applications/microchip/xc8/v2.46/avr/bin/../lib/gcc/avr/5.4.0/avr5/memx-const/libgcc.a(_xload_2.o)
 .text.libgcc.div
                0x0000000000000000        0x0 /Applications/microchip/xc8/v2.46/avr/bin/../lib/gcc/avr/5.4.0/avr5/memx-const/libgcc.a(_xload_2.o)
 .text.libgcc.prologue
                0x0000000000000000        0x0 /Applications/microchip/xc8/v2.46/avr/bin/../lib/gcc/avr/5.4.0/avr5/memx-const/libgcc.a(_xload_2.o)
 .stack.descriptors
                0x0000000000000000       0x17 /Applications/microchip/xc8/v2.46/avr/bin/../lib/gcc/avr/5.4.0/avr5/memx-const/libgcc.a(_xload_2.o)
 .text.libgcc.builtins
                0x0000000000000000        0x0 /Applications/microchip/xc8/v2.46/avr/bin/../lib/gcc/avr/5.4.0/avr5/memx-const/libgcc.a(_xload_2.o)
 .text.libgcc.fmul
                0x0000000000000000        0x0 /Applications/microchip/xc8/v2.46/avr/bin/../lib/gcc/avr/5.4.0/avr5/memx-const/libgcc.a(_xload_2.o)
 .text.libgcc.fixed
                0x0000000000000000        0x0 /Applications/microchip/xc8/v2.46/avr/bin/../lib/gcc/avr/5.4.0/avr5/memx-const/libgcc.a(_xload_2.o)
 .text          0x0000000000000000        0x0 /Applications/microchip/xc8/v2.46/avr/bin/../lib/gcc/avr/5.4.0/../../../../avr/lib/avr5/memx-const/libc.a(exit.o)
 .data          0x0000000000000000        0x0 /Applications/microchip/xc8/v2.46/avr/bin/../lib/gcc/avr/5.4.0/../../../../avr/lib/avr5/memx-const/libc.a(exit.o)
 .bss           0x0000000000000000        0x0 /Applications/microchip/xc8/v2.46/avr/bin/../lib/gcc/avr/5.4.0/../../../../avr/lib/avr5/memx-const/libc.a(exit.o)
 .stack.descriptors
                0x0000000000000000       0x73 /Applications/microchip/xc8/v2.46/avr/bin/../lib/gcc/avr/5.4.0/../../../../avr/lib/avr5/memx-const/libc.a(exit.o)
 .text          0x0000000000000000        0x0 /Applications/microchip/xc8/v2.46/avr/bin/../lib/gcc/avr/5.4.0/../../../../avr/lib/avr5/memx-const/libc.a(_Exit.o)
 .data          0x0000000000000000        0x0 /Applications/microchip/xc8/v2.46/avr/bin/../lib/gcc/avr/5.4.0/../../../../avr/lib/avr5/memx-const/libc.a(_Exit.o)
 .bss           0x0000000000000000        0x0 /Applications/microchip/xc8/v2.46/avr/bin/../lib/gcc/avr/5.4.0/../../../../avr/lib/avr5/memx-const/libc.a(_Exit.o)
 .stack.descriptors
                0x0000000000000000       0x13 /Applications/microchip/xc8/v2.46/avr/bin/../lib/gcc/avr/5.4.0/../../../../avr/lib/avr5/memx-const/libc.a(_Exit.o)
 .text          0x0000000000000000        0x0 /Applications/microchip/xc8/v2.46/avr/bin/../lib/gcc/avr/5.4.0/avr5/memx-const/libgcc.a(_exit.o)
 .data          0x0000000000000000        0x0 /Applications/microchip/xc8/v2.46/avr/bin/../lib/gcc/avr/5.4.0/avr5/memx-const/libgcc.a(_exit.o)
 .bss           0x0000000000000000        0x0 /Applications/microchip/xc8/v2.46/avr/bin/../lib/gcc/avr/5.4.0/avr5/memx-const/libgcc.a(_exit.o)
 .text.libgcc.mul
                0x0000000000000000        0x0 /Applications/microchip/xc8/v2.46/avr/bin/../lib/gcc/avr/5.4.0/avr5/memx-const/libgcc.a(_exit.o)
 .text.libgcc.div
                0x0000000000000000        0x0 /Applications/microchip/xc8/v2.46/avr/bin/../lib/gcc/avr/5.4.0/avr5/memx-const/libgcc.a(_exit.o)
 .text.libgcc   0x0000000000000000        0x0 /Applications/microchip/xc8/v2.46/avr/bin/../lib/gcc/avr/5.4.0/avr5/memx-const/libgcc.a(_exit.o)
 .text.libgcc.prologue
                0x0000000000000000        0x0 /Applications/microchip/xc8/v2.46/avr/bin/../lib/gcc/avr/5.4.0/avr5/memx-const/libgcc.a(_exit.o)
 .stack.descriptors
                0x0000000000000000       0x13 /Applications/microchip/xc8/v2.46/avr/bin/../lib/gcc/avr/5.4.0/avr5/memx-const/libgcc.a(_exit.o)
 .text.libgcc.builtins
                0x0000000000000000        0x0 /Applications/microchip/xc8/v2.46/avr/bin/../lib/gcc/avr/5.4.0/avr5/memx-const/libgcc.a(_exit.o)
 .text.libgcc.fmul
                0x0000000000000000        0x0 /Applications/microchip/xc8/v2.46/avr/bin/../lib/gcc/avr/5.4.0/avr5/memx-const/libgcc.a(_exit.o)
 .text.libgcc.fixed
                0x0000000000000000        0x0 /Applications/microchip/xc8/v2.46/avr/bin/../lib/gcc/avr/5.4.0/avr5/memx-const/libgcc.a(_exit.o)

Memory Configuration

Name             Origin             Length             Attributes
text             0x0000000000000000 0x0000000000008000 xr
data             0x0000000000800100 0x0000000000000800 rw !x
eeprom           0x0000000000810000 0x0000000000000400 rw !x
fuse             0x0000000000820000 0x0000000000000003 rw !x
lock             0x0000000000830000 0x0000000000000400 rw !x
signature        0x0000000000840000 0x0000000000000400 rw !x
user_signatures  0x0000000000850000 0x0000000000000400 rw !x
bootrow          0x0000000000860000 0x0000000000000400 rw !x
*default*        0x0000000000000000 0xffffffffffffffff

Linker script and memory map

Address of section .data set to 0x800100
LOAD /Applications/microchip/mplabx/v6.15/packs/Microchip/ATmega_DFP/3.0.158/xc8/avr/lib/avr5/memx-const/crtatmega328p.o
                0x0000000000000001                __MPLAB_BUILD = 0x1
LOAD build/default/debug/picture.o
LOAD build/default/debug/mainV4.o
START GROUP
LOAD /Applications/microchip/xc8/v2.46/avr/bin/../lib/gcc/avr/5.4.0/../../../../avr/lib/avr5/memx-const/libm.a
END GROUP
                0x0000000000000001                __MPLAB_DEBUG = 0x1
                0x0000000000000001                __DEBUG = 0x1
START GROUP
LOAD /Applications/microchip/xc8/v2.46/avr/bin/../lib/gcc/avr/5.4.0/avr5/memx-const/libgcc.a
LOAD /Applications/microchip/xc8/v2.46/avr/bin/../lib/gcc/avr/5.4.0/../../../../avr/lib/avr5/memx-const/libm.a
LOAD /Applications/microchip/xc8/v2.46/avr/bin/../lib/gcc/avr/5.4.0/../../../../avr/lib/avr5/memx-const/libc.a
LOAD /Applications/microchip/mplabx/v6.15/packs/Microchip/ATmega_DFP/3.0.158/xc8/avr/lib/avr5/memx-const/libatmega328p.a
END GROUP
                0x0000000000000000                __TEXT_REGION_ORIGIN__ = DEFINED (__TEXT_REGION_ORIGIN__)?__TEXT_REGION_ORIGIN__:0x0
                [0x0000000000800100]                __DATA_REGION_ORIGIN__ = DEFINED (__DATA_REGION_ORIGIN__)?__DATA_REGION_ORIGIN__:0x800060
                [0x0000000000008000]                __TEXT_REGION_LENGTH__ = DEFINED (__TEXT_REGION_LENGTH__)?__TEXT_REGION_LENGTH__:0x20000
                [0x0000000000000800]                __DATA_REGION_LENGTH__ = DEFINED (__DATA_REGION_LENGTH__)?__DATA_REGION_LENGTH__:0xffa0
                [0x0000000000000400]                __EEPROM_REGION_LENGTH__ = DEFINED (__EEPROM_REGION_LENGTH__)?__EEPROM_REGION_LENGTH__:0x10000
                [0x0000000000000003]                __FUSE_REGION_LENGTH__ = DEFINED (__FUSE_REGION_LENGTH__)?__FUSE_REGION_LENGTH__:0x400
                0x0000000000000400                __LOCK_REGION_LENGTH__ = DEFINED (__LOCK_REGION_LENGTH__)?__LOCK_REGION_LENGTH__:0x400
                0x0000000000000400                __SIGNATURE_REGION_LENGTH__ = DEFINED (__SIGNATURE_REGION_LENGTH__)?__SIGNATURE_REGION_LENGTH__:0x400
                0x0000000000000400                __USER_SIGNATURE_REGION_LENGTH__ = DEFINED (__USER_SIGNATURE_REGION_LENGTH__)?__USER_SIGNATURE_REGION_LENGTH__:0x400
                0x0000000000000400                __BOOTROW_REGION_LENGTH__ = DEFINED (__BOOTROW_REGION_LENGTH__)?__BOOTROW_REGION_LENGTH__:0x400

.hash
 *(.hash)

.dynsym
 *(.dynsym)

.dynstr
 *(.dynstr)

.gnu.version
 *(.gnu.version)

.gnu.version_d
 *(.gnu.version_d)

.gnu.version_r
 *(.gnu.version_r)

.rel.init
 *(.rel.init)

.rela.init
 *(.rela.init)

.rel.text
 *(.rel.text)
 *(.rel.text.*)
 *(.rel.gnu.linkonce.t*)

.rela.text
 *(.rela.text)
 *(.rela.text.*)
 *(.rela.gnu.linkonce.t*)

.rel.fini
 *(.rel.fini)

.rela.fini
 *(.rela.fini)

.rel.rodata
 *(.rel.rodata)
 *(.rel.rodata.*)
 *(.rel.gnu.linkonce.r*)

.rela.rodata
 *(.rela.rodata)
 *(.rela.rodata.*)
 *(.rela.gnu.linkonce.r*)

.rel.data
 *(.rel.data)
 *(.rel.data.*)
 *(.rel.gnu.linkonce.d*)

.rela.data
 *(.rela.data)
 *(.rela.data.*)
 *(.rela.gnu.linkonce.d*)

.rel.ctors
 *(.rel.ctors)

.rela.ctors
 *(.rela.ctors)

.rel.dtors
 *(.rel.dtors)

.rela.dtors
 *(.rela.dtors)

.rel.got
 *(.rel.got)

.rela.got
 *(.rela.got)

.rel.bss
 *(.rel.bss)

.rela.bss
 *(.rela.bss)

.rel.plt
 *(.rel.plt)

.rela.plt
 *(.rela.plt)

.text           0x0000000000000000       0xc8
 *(.vectors)
 .vectors       0x0000000000000000       0x68 /Applications/microchip/mplabx/v6.15/packs/Microchip/ATmega_DFP/3.0.158/xc8/avr/lib/avr5/memx-const/crtatmega328p.o
                0x0000000000000000                __vectors
                0x0000000000000000                __vector_default
 *(.vectors)
 *(.progmem.gcc*)
 *(.dinit)
 .dinit         0x0000000000000068        0xc data_init
                0x0000000000000074                . = ALIGN (0x2)
 *fill*         0x0000000000000074        0x0 
                0x0000000000000074                __trampolines_start = .
 *(.trampolines)
 .trampolines   0x0000000000000074        0x0 linker stubs
 *(.trampolines*)
                0x0000000000000074                __trampolines_end = .
 *libprintf_flt.a:*(.progmem.data)
 *libc.a:*(.progmem.data)
                0x0000000000000074                . = ALIGN (0x2)
 *(.jumptables)
 *(.jumptables*)
 *(.lowtext)
 *(.lowtext*)
                0x0000000000000074                __ctors_start = .
 *(.ctors)
                0x0000000000000074                __ctors_end = .
                0x0000000000000074                __dtors_start = .
 *(.dtors)
                0x0000000000000074                __dtors_end = .
 SORT(*)(.ctors)
 SORT(*)(.dtors)
 *(.init0)
 .init0         0x0000000000000074        0x0 /Applications/microchip/mplabx/v6.15/packs/Microchip/ATmega_DFP/3.0.158/xc8/avr/lib/avr5/memx-const/crtatmega328p.o
                0x0000000000000074                __init
 *(.init0)
 *(.init1)
 *(.init1)
 *(.init2)
 .init2         0x0000000000000074        0xc /Applications/microchip/mplabx/v6.15/packs/Microchip/ATmega_DFP/3.0.158/xc8/avr/lib/avr5/memx-const/crtatmega328p.o
 *(.init2)
 *(.init3)
 *(.init3)
 *(.init4)
 .init4         0x0000000000000080       0x3c /Applications/microchip/xc8/v2.46/avr/bin/../lib/gcc/avr/5.4.0/avr5/memx-const/libgcc.a(_copy_data.o)
                0x0000000000000080                __do_copy_data
                0x00000000000000ae                __do_clear_bss
 *(.init4)
 *(.init5)
 *(.init5)
 *(.init6)
 *(.init6)
 *(.init7)
 *(.init7)
 *(.init8)
 *(.init8)
 *(.init9)
 .init9         0x00000000000000bc        0x8 /Applications/microchip/mplabx/v6.15/packs/Microchip/ATmega_DFP/3.0.158/xc8/avr/lib/avr5/memx-const/crtatmega328p.o
 *(.init9)
                0x00000000000000c4                . = ALIGN (0x2)
 *(.fini9)
 .fini9         0x00000000000000c4        0x0 /Applications/microchip/xc8/v2.46/avr/bin/../lib/gcc/avr/5.4.0/avr5/memx-const/libgcc.a(_exit.o)
                0x00000000000000c4                _exit
 *(.fini9)
 *(.fini8)
 *(.fini8)
 *(.fini7)
 *(.fini7)
 *(.fini6)
 *(.fini6)
 *(.fini5)
 *(.fini5)
 *(.fini4)
 *(.fini4)
 *(.fini3)
 *(.fini3)
 *(.fini2)
 *(.fini2)
 *(.fini1)
 *(.fini1)
 *(.fini0)
 .fini0         0x00000000000000c4        0x4 /Applications/microchip/xc8/v2.46/avr/bin/../lib/gcc/avr/5.4.0/avr5/memx-const/libgcc.a(_exit.o)
 *(.fini0)
                0x00000000000000c8                _etext = .

.data           0x0000000000800100        0x0 load address 0x00000000000000c8
                [!provide]                        PROVIDE (__data_start, .)
 *(.gnu.linkonce.d*)
 *(.gnu.linkonce.r*)
                0x0000000000800100                . = ALIGN (0x2)
                0x0000000000800100                _edata = .
                [!provide]                        PROVIDE (__data_end, .)

.bss            0x0000000000800100        0x0
                [!provide]                        PROVIDE (__bss_start, .)
 *(COMMON)
                [!provide]                        PROVIDE (__bss_end, .)
                0x00000000000000c8                __data_load_start = LOADADDR (.data)
                0x00000000000000c8                __data_load_end = (__data_load_start + SIZEOF (.data))

.noinit         0x0000000000800100        0x0
                [!provide]                        PROVIDE (__noinit_start, .)
 *(.noinit*)
                [!provide]                        PROVIDE (__noinit_end, .)
                0x0000000000800100                _end = .

.eeprom         0x0000000000810000        0x0
 *(.eeprom*)
                0x0000000000810000                __eeprom_end = .

.fuse
 *(.fuse)
 *(.lfuse)
 *(.hfuse)
 *(.efuse)

.lock
 *(.lock*)

.signature
 *(.signature*)

.user_signatures
 *(.user_signatures*)

.bootrow
 *(.bootrow*)

.stab
 *(.stab)

.stabstr
 *(.stabstr)

.stab.excl
 *(.stab.excl)

.stab.exclstr
 *(.stab.exclstr)

.stab.index
 *(.stab.index)

.stab.indexstr
 *(.stab.indexstr)

.comment        0x0000000000000000       0x5b
 *(.comment)
 .comment       0x0000000000000000       0x2f build/default/debug/picture.o
                                         0x30 (size before relaxing)
 .comment       0x000000000000002f       0x30 build/default/debug/mainV4.o
 .comment       0x000000000000002f       0x2c /Applications/microchip/xc8/v2.46/avr/bin/../lib/gcc/avr/5.4.0/../../../../avr/lib/avr5/memx-const/libc.a(exit.o)
                                         0x2d (size before relaxing)
 .comment       0x000000000000005b       0x2d /Applications/microchip/xc8/v2.46/avr/bin/../lib/gcc/avr/5.4.0/../../../../avr/lib/avr5/memx-const/libc.a(_Exit.o)

.stack.descriptors.hdr
                0x0000000000000000       0x38
 .stack.descriptors.hdr
                0x0000000000000000        0xe /Applications/microchip/xc8/v2.46/avr/bin/../lib/gcc/avr/5.4.0/avr5/memx-const/libgcc.a(_xload_2.o)
 .stack.descriptors.hdr
                0x000000000000000e        0xe /Applications/microchip/xc8/v2.46/avr/bin/../lib/gcc/avr/5.4.0/../../../../avr/lib/avr5/memx-const/libc.a(exit.o)
 .stack.descriptors.hdr
                0x000000000000001c        0xe /Applications/microchip/xc8/v2.46/avr/bin/../lib/gcc/avr/5.4.0/../../../../avr/lib/avr5/memx-const/libc.a(_Exit.o)
 .stack.descriptors.hdr
                0x000000000000002a        0xe /Applications/microchip/xc8/v2.46/avr/bin/../lib/gcc/avr/5.4.0/avr5/memx-const/libgcc.a(_exit.o)

.note.GNU-stack
                0x0000000000000000        0x0
 .note.GNU-stack
                0x0000000000000000        0x0 /Applications/microchip/xc8/v2.46/avr/bin/../lib/gcc/avr/5.4.0/../../../../avr/lib/avr5/memx-const/libc.a(exit.o)
 .note.GNU-stack
                0x0000000000000000        0x0 /Applications/microchip/xc8/v2.46/avr/bin/../lib/gcc/avr/5.4.0/../../../../avr/lib/avr5/memx-const/libc.a(_Exit.o)

.note.gnu.build-id
 *(.note.gnu.build-id)

.debug
 *(.debug)

.line
 *(.line)

.debug_srcinfo
 *(.debug_srcinfo)

.debug_sfnames
 *(.debug_sfnames)

.debug_aranges  0x0000000000000000       0x78
 *(.debug_aranges)
 .debug_aranges
                0x0000000000000000       0x18 build/default/debug/picture.o
 .debug_aranges
                0x0000000000000018       0x60 build/default/debug/mainV4.o

.debug_pubnames
 *(.debug_pubnames)

.debug_info     0x0000000000000000      0xf64
 *(.debug_info .gnu.linkonce.wi.*)
 .debug_info    0x0000000000000000      0x5f4 /Applications/microchip/mplabx/v6.15/packs/Microchip/ATmega_DFP/3.0.158/xc8/avr/lib/avr5/memx-const/crtatmega328p.o
 .debug_info    0x00000000000005f4      0x1f0 build/default/debug/picture.o
 .debug_info    0x00000000000007e4      0x780 build/default/debug/mainV4.o

.debug_abbrev   0x0000000000000000      0x74a
 *(.debug_abbrev)
 .debug_abbrev  0x0000000000000000      0x5a2 /Applications/microchip/mplabx/v6.15/packs/Microchip/ATmega_DFP/3.0.158/xc8/avr/lib/avr5/memx-const/crtatmega328p.o
 .debug_abbrev  0x00000000000005a2       0x31 build/default/debug/picture.o
 .debug_abbrev  0x00000000000005d3      0x177 build/default/debug/mainV4.o

.debug_line     0x0000000000000000      0x436
 *(.debug_line .debug_line.* .debug_line_end)
 .debug_line    0x0000000000000000      0x137 /Applications/microchip/mplabx/v6.15/packs/Microchip/ATmega_DFP/3.0.158/xc8/avr/lib/avr5/memx-const/crtatmega328p.o
 .debug_line    0x0000000000000137       0x27 build/default/debug/picture.o
 .debug_line    0x000000000000015e      0x2d8 build/default/debug/mainV4.o

.debug_frame    0x0000000000000000      0x108
 *(.debug_frame)
 .debug_frame   0x0000000000000000      0x108 build/default/debug/mainV4.o

.debug_str      0x0000000000000000      0x208
 *(.debug_str)
 .debug_str     0x0000000000000000      0x208 /Applications/microchip/mplabx/v6.15/packs/Microchip/ATmega_DFP/3.0.158/xc8/avr/lib/avr5/memx-const/crtatmega328p.o
 .debug_str     0x0000000000000208        0x0 build/default/debug/picture.o
 .debug_str     0x0000000000000208        0x0 build/default/debug/mainV4.o

.debug_loc      0x0000000000000000      0x1e5
 *(.debug_loc)
 .debug_loc     0x0000000000000000      0x1e5 build/default/debug/mainV4.o

.debug_macinfo
 *(.debug_macinfo)

.debug_weaknames
 *(.debug_weaknames)

.debug_funcnames
 *(.debug_funcnames)

.debug_typenames
 *(.debug_typenames)

.debug_varnames
 *(.debug_varnames)

.debug_pubtypes
 *(.debug_pubtypes)

.debug_ranges   0x0000000000000000       0x50
 *(.debug_ranges)
 .debug_ranges  0x0000000000000000       0x50 build/default/debug/mainV4.o

.debug_macro
 *(.debug_macro)
OUTPUT(dist/default/debug/INFC_V4.X.debug.elf elf32-avr)
LOAD linker stubs
LOAD data_init

.note.gnu.avr.deviceinfo
                0x0000000000000000       0x40
 .note.gnu.avr.deviceinfo
                0x0000000000000000       0x40 /Applications/microchip/mplabx/v6.15/packs/Microchip/ATmega_DFP/3.0.158/xc8/avr/lib/avr5/memx-const/crtatmega328p.o

.bss.possibleRepitions.1717
                0x000000000080015e        0x2
 .bss.possibleRepitions.1717
                0x000000000080015e        0x2 build/default/debug/mainV4.o

.bss.currentColor.1716
                0x0000000000800160        0x2
 .bss.currentColor.1716
                0x0000000000800160        0x2 build/default/debug/mainV4.o

.bss.lastColor.1715
                0x0000000000800162        0x2
 .bss.lastColor.1715
                0x0000000000800162        0x2 build/default/debug/mainV4.o

.bss.aktTime.1674
                0x0000000000800164        0x2
 .bss.aktTime.1674
                0x0000000000800164        0x2 build/default/debug/mainV4.o

.bss.counter    0x0000000000800166        0x2
 .bss.counter   0x0000000000800166        0x2 build/default/debug/mainV4.o
                0x0000000000800166                counter

.progmemx.data.Bild1
                0x00000000000000c8     0x16b0
 .progmemx.data.Bild1
                0x00000000000000c8     0x16b0 build/default/debug/picture.o
                0x00000000000000c8                Bild1

.text.main      0x0000000000001778      0x11a
 .text.main     0x0000000000001778      0x11a build/default/debug/mainV4.o
                0x0000000000001778                main

.text.Display_init
                0x0000000000001892       0xdc
 .text.Display_init
                0x0000000000001892       0xdc build/default/debug/mainV4.o
                0x0000000000001892                Display_init

.text.SendCommandSeq
                0x000000000000196e       0x82
 .text.SendCommandSeq
                0x000000000000196e       0x82 build/default/debug/mainV4.o
                0x000000000000196e                SendCommandSeq

.text.Waitms    0x00000000000019f0       0x34
 .text.Waitms   0x00000000000019f0       0x34 build/default/debug/mainV4.o
                0x00000000000019f0                Waitms

.text.__vector_11
                0x0000000000001a24       0x24
 .text.__vector_11
                0x0000000000001a24       0x24 build/default/debug/mainV4.o
                0x0000000000001a24                __vector_11

.text.init_Timer1
                0x0000000000001a48       0x22
 .text.init_Timer1
                0x0000000000001a48       0x22 build/default/debug/mainV4.o
                0x0000000000001a48                init_Timer1

.text.exit      0x0000000000001a6a       0x16
 .text.exit     0x0000000000001a6a       0x16 /Applications/microchip/xc8/v2.46/avr/bin/../lib/gcc/avr/5.4.0/../../../../avr/lib/avr5/memx-const/libc.a(exit.o)
                0x0000000000001a6a                exit

.text.SPISend16Bit
                0x0000000000001a80       0x14
 .text.SPISend16Bit
                0x0000000000001a80       0x14 build/default/debug/mainV4.o
                0x0000000000001a80                SPISend16Bit

.text.libgcc    0x0000000000001a94       0x10
 .text.libgcc   0x0000000000001a94       0x10 /Applications/microchip/xc8/v2.46/avr/bin/../lib/gcc/avr/5.4.0/avr5/memx-const/libgcc.a(_xload_2.o)
                0x0000000000001a94                __xload_2

.text.SPISend8Bit
                0x0000000000001aa4        0xe
 .text.SPISend8Bit
                0x0000000000001aa4        0xe build/default/debug/mainV4.o
                0x0000000000001aa4                SPISend8Bit

.text.SPI_init  0x0000000000001ab2        0xc
 .text.SPI_init
                0x0000000000001ab2        0xc build/default/debug/mainV4.o
                0x0000000000001ab2                SPI_init

.text           0x0000000000001abe        0x4
 .text          0x0000000000001abe        0x4 /Applications/microchip/mplabx/v6.15/packs/Microchip/ATmega_DFP/3.0.158/xc8/avr/lib/avr5/memx-const/crtatmega328p.o
                0x0000000000001abe                __vector_20
                0x0000000000001abe                __vector_1
                0x0000000000001abe                __vector_24
                0x0000000000001abe                __vector_12
                0x0000000000001abe                __bad_interrupt
                0x0000000000001abe                __vector_6
                0x0000000000001abe                __vector_3
                0x0000000000001abe                __vector_23
                0x0000000000001abe                __vector_25
                0x0000000000001abe                __vector_13
                0x0000000000001abe                __vector_17
                0x0000000000001abe                __vector_19
                0x0000000000001abe                __vector_7
                0x0000000000001abe                __vector_5
                0x0000000000001abe                __vector_4
                0x0000000000001abe                __vector_9
                0x0000000000001abe                __vector_2
                0x0000000000001abe                __vector_21
                0x0000000000001abe                __vector_15
                0x0000000000001abe                __vector_8
                0x0000000000001abe                __vector_14
                0x0000000000001abe                __vector_10
                0x0000000000001abe                __vector_16
                0x0000000000001abe                __vector_18
                0x0000000000001abe                __vector_22

.text._Exit     0x0000000000001ac2        0x4
 .text._Exit    0x0000000000001ac2        0x4 /Applications/microchip/xc8/v2.46/avr/bin/../lib/gcc/avr/5.4.0/../../../../avr/lib/avr5/memx-const/libc.a(_Exit.o)
                0x0000000000001ac2                _Exit

.text.__dummy_fini
                0x0000000000001ac6        0x2
 .text.__dummy_fini
                0x0000000000001ac6        0x2 /Applications/microchip/xc8/v2.46/avr/bin/../lib/gcc/avr/5.4.0/../../../../avr/lib/avr5/memx-const/libc.a(exit.o)
                0x0000000000001ac6                _fini

.text.__dummy_funcs_on_exit
                0x0000000000001ac8        0x2
 .text.__dummy_funcs_on_exit
                0x0000000000001ac8        0x2 /Applications/microchip/xc8/v2.46/avr/bin/../lib/gcc/avr/5.4.0/../../../../avr/lib/avr5/memx-const/libc.a(exit.o)
                0x0000000000001ac8                __funcs_on_exit

.text.__dummy_simulator_exit
                0x0000000000001aca        0x2
 .text.__dummy_simulator_exit
                0x0000000000001aca        0x2 /Applications/microchip/xc8/v2.46/avr/bin/../lib/gcc/avr/5.4.0/../../../../avr/lib/avr5/memx-const/libc.a(exit.o)
                0x0000000000001aca                __simulator_exit

.rodata         0x0000000000800100       0x52 load address 0x0000000000001acc
 .rodata        0x0000000000800100       0x52 build/default/debug/mainV4.o

.data.WindowData.1714
                0x0000000000800152        0xc load address 0x0000000000001b1e
 .data.WindowData.1714
                0x0000000000800152        0xc build/default/debug/mainV4.o
